exception.h:63:5:std::exception::exception()	16	static
gthr-default.h:229:1:int __gthread_key_delete(__gthread_key_t)	16	static
eeprom_class_exc.cpp:29:1:FlashHandlers::FlashHandlers(uint32_t, uint32_t)	24	static
eeprom_class_exc.cpp:32:6:void FlashHandlers::programHalfWord(uint32_t, uint16_t)	32	static
eeprom_class_exc.cpp:38:6:void FlashHandlers::erasePage(uint32_t)	48	static
eeprom_class_exc.cpp:47:6:void eeprom::transferPage(uint32_t, uint32_t)	40	static
eeprom_class_exc.cpp:75:6:void FlashHandlers::format()	16	static
eeprom_class_exc.cpp:90:1:eeprom::eeprom()	16	static
eeprom_class_exc.cpp:93:20:FlashStatusTypeDef eeprom::init()	32	static
eeprom_class_exc.cpp:168:20:FlashStatusTypeDef eeprom::readVariable(uint16_t, uint16_t*)	48	static
eeprom_class_exc.cpp:207:20:FlashStatusTypeDef eeprom::writeVariable(uint16_t, uint16_t)	40	static
eeprom_class_exc.cpp:240:10:uint16_t eeprom::findValidPage(operationValidPageT)	32	static
eeprom_class_exc.cpp:279:6:void eeprom::verifyPageFullWriteVariable(uint16_t, uint16_t)	40	static
eeprom_class_exc.cpp:315:20:FlashStatusTypeDef eeprom::pageTransfer(uint16_t, uint16_t)	32	static
