../Core/Src/RDA5807.cpp:16:1:RDA5807::RDA5807(void*)	16	static
../Core/Src/RDA5807.cpp:41:6:void RDA5807::setGpio(uint8_t, uint8_t, int)	24	static
../Core/Src/RDA5807.cpp:71:6:void RDA5807::getStatusRegisters()	40	static
../Core/Src/RDA5807.cpp:79:10:uint16_t RDA5807::readReg(uint8_t)	40	static
../Core/Src/RDA5807.cpp:94:7:void* RDA5807::getStatus(uint8_t)	24	static
../Core/Src/RDA5807.cpp:116:6:void RDA5807::setRegister(uint8_t, uint16_t)	40	static
../Core/Src/RDA5807.cpp:129:6:void RDA5807::waitAndFinishTune()	16	static
../Core/Src/RDA5807.cpp:142:6:void RDA5807::softReset()	16	static
../Core/Src/RDA5807.cpp:152:6:void RDA5807::powerUp()	16	static
../Core/Src/RDA5807.cpp:182:6:void RDA5807::powerDown()	16	static
../Core/Src/RDA5807.cpp:195:5:int RDA5807::init(uint8_t, uint8_t)	16	static
../Core/Src/RDA5807.cpp:222:6:void RDA5807::setChannel(uint16_t)	16	static
../Core/Src/RDA5807.cpp:238:6:void RDA5807::setFrequency(uint16_t)	32	static
../Core/Src/RDA5807.cpp:250:6:void RDA5807::setFrequencyUp()	24	static
../Core/Src/RDA5807.cpp:265:6:void RDA5807::setFrequencyDown()	24	static
../Core/Src/RDA5807.cpp:280:10:uint16_t RDA5807::getFrequency()	16	static
../Core/Src/RDA5807.cpp:294:10:uint16_t RDA5807::getRealChannel()	16	static
../Core/Src/RDA5807.cpp:316:10:uint16_t RDA5807::getRealFrequency()	24	static
../Core/Src/RDA5807.cpp:327:6:void RDA5807::seek(uint8_t, uint8_t)	16	static
../Core/Src/RDA5807.cpp:367:6:void RDA5807::seek(uint8_t, uint8_t, void (*)())	24	static
../Core/Src/RDA5807.cpp:395:6:void RDA5807::setSeekThreshold(uint8_t)	16	static
../Core/Src/RDA5807.cpp:416:6:void RDA5807::setBand(uint8_t)	16	static
../Core/Src/RDA5807.cpp:437:6:void RDA5807::setSpace(uint8_t)	16	static
../Core/Src/RDA5807.cpp:450:5:int RDA5807::getRssi()	16	static
../Core/Src/RDA5807.cpp:461:6:void RDA5807::setSoftmute(bool)	16	static
../Core/Src/RDA5807.cpp:474:6:void RDA5807::setMute(bool)	16	static
../Core/Src/RDA5807.cpp:487:6:void RDA5807::setMono(bool)	16	static
../Core/Src/RDA5807.cpp:500:6:void RDA5807::setBass(bool)	16	static
../Core/Src/RDA5807.cpp:513:6:bool RDA5807::isStereo()	16	static
../Core/Src/RDA5807.cpp:527:6:void RDA5807::setVolume(uint8_t)	16	static
../Core/Src/RDA5807.cpp:541:9:uint8_t RDA5807::getVolume()	16	static
../Core/Src/RDA5807.cpp:551:6:void RDA5807::setVolumeUp()	16	static
../Core/Src/RDA5807.cpp:565:6:void RDA5807::setVolumeDown()	16	static
../Core/Src/RDA5807.cpp:581:9:uint8_t RDA5807::getDeviceId()	16	static
../Core/Src/RDA5807.cpp:593:6:void RDA5807::setFmDeemphasis(uint8_t)	16	static
../Core/Src/RDA5807.cpp:611:6:void RDA5807::setRDS(bool)	16	static
../Core/Src/RDA5807.cpp:625:6:void RDA5807::setRBDS(bool)	16	static
../Core/Src/RDA5807.cpp:643:6:bool RDA5807::getRdsReady()	16	static
../Core/Src/RDA5807.hpp:494:3:rds_blockb::rds_blockb()	16	static
../Core/Src/RDA5807.cpp:656:9:uint8_t RDA5807::getRdsFlagAB()	24	static
../Core/Src/RDA5807.cpp:670:10:uint16_t RDA5807::getRdsGroupType()	24	static
../Core/Src/RDA5807.cpp:684:9:uint8_t RDA5807::getRdsVersionCode()	24	static
../Core/Src/RDA5807.cpp:698:9:uint8_t RDA5807::getRdsProgramType()	24	static
../Core/Src/RDA5807.cpp:712:6:void RDA5807::getNext2Block(char*)	32	static
../Core/Src/RDA5807.cpp:749:6:void RDA5807::getNext4Block(char*)	40	static
../Core/Src/RDA5807.cpp:788:7:char* RDA5807::getRdsText()	24	static
../Core/Src/RDA5807.cpp:814:7:char* RDA5807::getRdsText0A()	24	static
../Core/Src/RDA5807.cpp:843:7:char* RDA5807::getRdsText2A()	24	static
../Core/Src/RDA5807.cpp:872:7:char* RDA5807::getRdsText2B()	24	static
../Core/Src/RDA5807.cpp:898:7:char* RDA5807::getRdsTime()	80	static
../Core/Src/RDA5807.cpp:956:6:bool RDA5807::getRdsSync()	16	static
../Core/Src/RDA5807.cpp:969:9:uint8_t RDA5807::getBlockId()	16	static
../Core/Src/RDA5807.cpp:991:9:uint8_t RDA5807::getErrorBlockB()	16	static
../Core/Src/RDA5807.cpp:1003:6:bool RDA5807::hasRdsInfo()	16	static
../Core/Src/RDA5807.cpp:1015:6:void RDA5807::setRdsFifo(bool)	16	static
../Core/Src/RDA5807.cpp:1027:6:void RDA5807::clearRdsFifo()	16	static
../Core/Src/RDA5807.cpp:1033:10:uint16_t RDA5807::swapU16(uint16_t)	16	static
